              precision    recall  f1-score   support

    backward       0.88      0.87      0.88       165
         bed       0.74      0.84      0.78       207
        bird       0.76      0.84      0.80       185
         cat       0.82      0.89      0.85       194
         dog       0.92      0.83      0.87       220
        down       0.88      0.89      0.88       406
       eight       0.91      0.90      0.90       408
        five       0.89      0.91      0.90       445
      follow       0.78      0.72      0.75       172
     forward       0.90      0.59      0.72       155
        four       0.82      0.85      0.84       400
          go       0.75      0.78      0.76       402
       happy       0.95      0.87      0.91       203
       house       0.94      0.84      0.89       191
       learn       0.74      0.61      0.67       161
        left       0.81      0.92      0.86       412
      marvin       0.94      0.84      0.89       195
        nine       0.91      0.91      0.91       408
          no       0.86      0.83      0.85       405
         off       0.85      0.90      0.87       402
          on       0.91      0.82      0.86       396
         one       0.89      0.91      0.90       399
       right       0.91      0.90      0.90       396
       seven       0.92      0.94      0.93       406
      sheila       0.83      0.88      0.86       212
         six       0.89      0.96      0.93       394
        stop       0.95      0.94      0.95       411
       three       0.89      0.85      0.87       405
        tree       0.87      0.78      0.83       193
         two       0.87      0.90      0.89       424
          up       0.80      0.90      0.85       425
      visual       0.83      0.85      0.84       165
         wow       0.91      0.82      0.86       206
         yes       0.95      0.93      0.94       419
        zero       0.90      0.87      0.89       418

    accuracy                           0.87     11005
   macro avg       0.87      0.85      0.86     11005
weighted avg       0.87      0.87      0.87     11005
